✓ Initialized. View run at 
https://modal.com/apps/siddarthaa/main/ap-6uGLI1t06eJKRzxYIguluU
✓ Created objects.
├── 🔨 Created mount /home/sidd/Desktop/amazon-ml/modal_app.py
├── 🔨 Created mount /home/sidd/Desktop/amazon-ml/src
└── 🔨 Created function step.
$ /.uv/.venv/bin/python /root/src/match.py fit runs/001_tfidf-lgbm-baseline
Training until validation scores don't improve for 30 rounds
[50]    valid_0's binary_logloss: 0.0462353
[100]   valid_0's binary_logloss: 0.0408521
[150]   valid_0's binary_logloss: 0.0411659
[200]   valid_0's binary_logloss: 0.0397285
Early stopping, best iteration is:
[219]   valid_0's binary_logloss: 0.039643
trained on 12424458 pairs in 61s, best iter 219
  t=0.10  F0.5=0.8998
  t=0.15  F0.5=0.9132
  t=0.20  F0.5=0.9223
  t=0.25  F0.5=0.9293
  t=0.30  F0.5=0.9350
  t=0.35  F0.5=0.9398
  t=0.40  F0.5=0.9434
  t=0.45  F0.5=0.9461
  t=0.50  F0.5=0.9478
  t=0.55  F0.5=0.9487
  t=0.60  F0.5=0.9490
  t=0.65  F0.5=0.9489
  t=0.70  F0.5=0.9484
  t=0.75  F0.5=0.9472
  t=0.80  F0.5=0.9455
  t=0.85  F0.5=0.9427
  t=0.90  F0.5=0.9375
  t=0.95  F0.5=0.9233
blocking recall=0.9527  oracle F0.5=0.9836  best t=0.60  F0.5=0.9490
$ /.uv/.venv/bin/python /root/src/match.py predict runs/001_tfidf-lgbm-baseline
shape: (3, 5)
┌─────────┬────────┬────────────────┬─────────────┬───────────┐
│ country ┆ n_s1   ┆ avg_candidates ┆ avg_matches ┆ pct_empty │
│ ---     ┆ ---    ┆ ---            ┆ ---         ┆ ---       │
│ str     ┆ u32    ┆ f64            ┆ f64         ┆ f64       │
╞═════════╪════════╪════════════════╪═════════════╪═══════════╡
│ France  ┆ 259452 ┆ 16.582489      ┆ 3.371818    ┆ 5.813792  │
│ India   ┆ 809986 ┆ 17.472383      ┆ 3.238776    ┆ 6.482581  │
│ US      ┆ 663106 ┆ 17.26831       ┆ 3.283359    ┆ 6.167491  │
└─────────┴────────┴────────────────┴─────────────┴───────────┘
✓ Finished downloading files to local!
Stopping app - local entrypoint completed.
✓ App completed. View run at 
https://modal.com/apps/siddarthaa/main/ap-6uGLI1t06eJKRzxYIguluU
