✓ Initialized. View run at 
https://modal.com/apps/avocadotostada/main/ap-OK07LDwFsvoztgaJrI9FY1
✓ Created objects.
├── 🔨 Created mount /home/sidd/Desktop/amazon-ml/tools/ce_gpu.py
└── 🔨 Created function run.
Some weights of BertForSequenceClassification were not initialized from the model checkpoint at intfloat/multilingual-e5-small and are newly initialized: ['classifier.bias', 'classifier.weight']
You should probably TRAIN this model on a down-stream task to be able to use it for predictions and inference.
tokenized 1500000 train pairs in 78s, pos 0.795
You're using a XLMRobertaTokenizerFast tokenizer. Please note that with a fast tokenizer, using the `__call__` method is faster than using a method to encode the text followed by a call to the `pad` method to get a padded encoding.
  step 0/2930 loss 0.6985 1s
  step 500/2930 loss 0.1766 44s
  step 1000/2930 loss 0.1655 87s
  step 1500/2930 loss 0.1264 130s
  step 2000/2930 loss 0.1399 172s
  step 2500/2930 loss 0.1587 217s
trained 2930 steps in 253s
val: 785443 pairs in 56s; mean p_ce pos 0.927 neg 0.263; acc@0.5 0.8685; lgb acc@0.5 0.9359
Runner segmentation fault (SIGSEGV), exit code: 139.
Some weights of BertForSequenceClassification were not initialized from the model checkpoint at intfloat/multilingual-e5-small and are newly initialized: ['classifier.bias', 'classifier.weight']
You should probably TRAIN this model on a down-stream task to be able to use it for predictions and inference.
tokenized 1500000 train pairs in 81s, pos 0.795
You're using a XLMRobertaTokenizerFast tokenizer. Please note that with a fast tokenizer, using the `__call__` method is faster than using a method to encode the text followed by a call to the `pad` method to get a padded encoding.
  step 0/2930 loss 0.7099 1s
  step 500/2930 loss 0.1874 44s
  step 1000/2930 loss 0.1526 86s
  step 1500/2930 loss 0.1215 129s
  step 2000/2930 loss 0.1379 172s
  step 2500/2930 loss 0.1491 215s
trained 2930 steps in 251s
val: 785443 pairs in 58s; mean p_ce pos 0.925 neg 0.261; acc@0.5 0.8694; lgb acc@0.5 0.9359
Runner segmentation fault (SIGSEGV), exit code: 139.
Some weights of BertForSequenceClassification were not initialized from the model checkpoint at intfloat/multilingual-e5-small and are newly initialized: ['classifier.bias', 'classifier.weight']
You should probably TRAIN this model on a down-stream task to be able to use it for predictions and inference.
tokenized 1500000 train pairs in 107s, pos 0.795
You're using a XLMRobertaTokenizerFast tokenizer. Please note that with a fast tokenizer, using the `__call__` method is faster than using a method to encode the text followed by a call to the `pad` method to get a padded encoding.
  step 0/2930 loss 0.6990 1s
  step 500/2930 loss 0.1914 45s
  step 1000/2930 loss 0.1472 91s
  step 1500/2930 loss 0.1381 135s
  step 2000/2930 loss 0.1545 179s
  step 2500/2930 loss 0.1495 223s
trained 2930 steps in 260s
