India: 883188 S1, 4133346 queries
     250000/4133346  21.3s
     500000/4133346  21.3s
     750000/4133346  21.2s
    1000000/4133346  21.3s
    1250000/4133346  21.2s
    1500000/4133346  21.4s
    1750000/4133346  21.3s
    2000000/4133346  21.2s
    2250000/4133346  19.3s
    2500000/4133346  19.2s
    2750000/4133346  19.1s
    3000000/4133346  19.1s
    3250000/4133346  19.1s
    3500000/4133346  19.2s
    3750000/4133346  19.1s
    4000000/4133346  19.2s
    4133346/4133346  10.3s
US: 1323633 S1, 6186873 queries
     250000/6186873  24.0s
     500000/6186873  24.0s
     750000/6186873  24.1s
    1000000/6186873  24.1s
    1250000/6186873  24.2s
    1500000/6186873  24.3s
    1750000/6186873  24.3s
    2000000/6186873  24.3s
    2250000/6186873  24.2s
    2500000/6186873  24.1s
    2750000/6186873  24.1s
    3000000/6186873  24.2s
    3250000/6186873  25.2s
    3500000/6186873  25.2s
    3750000/6186873  25.2s
    4000000/6186873  25.2s
    4250000/6186873  25.3s
    4500000/6186873  25.3s
    4750000/6186873  25.5s
    5000000/6186873  25.3s
    5250000/6186873  25.3s
    5500000/6186873  25.2s
    5750000/6186873  25.3s
    6000000/6186873  25.2s
    6186873/6186873  18.9s
pairs=30747273  avg candidates per S1=13.93
recall@1 = 0.8151  avg cands/S1 = 4.65
recall@2 = 0.8397  avg cands/S1 = 9.29
recall@3 = 0.8512  avg cands/S1 = 13.93
