✓ Initialized. View run at 
https://modal.com/apps/avocadotostada/main/ap-a99oRU61yL27h7bzzyQRdq
✓ Created objects.
├── 🔨 Created mount /home/sidd/Desktop/amazon-ml/tools/ce_gpu.py
└── 🔨 Created function run.
Some weights of XLMRobertaForSequenceClassification were not initialized from the model checkpoint at intfloat/multilingual-e5-base and are newly initialized: ['classifier.dense.bias', 'classifier.dense.weight', 'classifier.out_proj.bias', 'classifier.out_proj.weight']
You should probably TRAIN this model on a down-stream task to be able to use it for predictions and inference.
tokenized 738801 train pairs in 56s, pos 0.661
You're using a XLMRobertaTokenizerFast tokenizer. Please note that with a fast tokenizer, using the `__call__` method is faster than using a method to encode the text followed by a call to the `pad` method to get a padded encoding.
  step 0/2886 loss 0.6717 1s
  step 500/2886 loss 0.3419 53s
  step 1000/2886 loss 0.3657 103s
  step 1500/2886 loss 0.3232 153s
  step 2000/2886 loss 0.2894 202s
  step 2500/2886 loss 0.2751 252s
trained 2886 steps in 290s
val: 394772 pairs in 40s; mean p_ce pos 0.803 neg 0.309; acc@0.5 0.7586; lgb acc@0.5 0.8761
Stopping app - local entrypoint completed.
Runner terminated.
✓ App completed. View run at 
https://modal.com/apps/avocadotostada/main/ap-a99oRU61yL27h7bzzyQRdq
