✓ Initialized. View run at 
https://modal.com/apps/siddarthaa/main/ap-0R7Y944pwR3Ih5QjisLFGA
✓ Created objects.
├── 🔨 Created mount /home/sidd/Desktop/amazon-ml/modal_app.py
├── 🔨 Created mount /home/sidd/Desktop/amazon-ml/tools
├── 🔨 Created mount /home/sidd/Desktop/amazon-ml/src
└── 🔨 Created function step.
$ /.uv/.venv/bin/python /root/src/features.py train
$ /.uv/.venv/bin/python /root/src/features.py test
/root/src/features.py:89: DeprecationWarning: In Polars 2.0, the default behavior for `empty_as_null` will change to `False`. To keep the current behavior, explicitly set `empty_as_null=True`.
  .filter(pl.col("mm").is_not_null()).explode("x").filter(pl.col("x").is_not_null()))
/root/src/features.py:89: DeprecationWarning: In Polars 2.0, the default behavior for `empty_as_null` will change to `False`. To keep the current behavior, explicitly set `empty_as_null=True`.
  .filter(pl.col("mm").is_not_null()).explode("x").filter(pl.col("x").is_not_null()))
/root/src/features.py:106: DeprecationWarning: In Polars 2.0, the default behavior for `empty_as_null` will change to `False`. To keep the current behavior, explicitly set `empty_as_null=True`.
  xdec = (d.select(*key, "country", tok="xq").explode("tok").join(dec, on=["country", "tok"])
/root/src/features.py:108: DeprecationWarning: In Polars 2.0, the default behavior for `empty_as_null` will change to `False`. To keep the current behavior, explicitly set `empty_as_null=True`.
  numd = (d.select(*key, n="nums_q", t="num1_s").explode("n")
/root/src/features.py:106: DeprecationWarning: In Polars 2.0, the default behavior for `empty_as_null` will change to `False`. To keep the current behavior, explicitly set `empty_as_null=True`.
  xdec = (d.select(*key, "country", tok="xq").explode("tok").join(dec, on=["country", "tok"])
/root/src/features.py:111: DeprecationWarning: In Polars 2.0, the default behavior for `empty_as_null` will change to `False`. To keep the current behavior, explicitly set `empty_as_null=True`.
  tok_df = d.select("s1", tok="full_q").explode("tok").group_by("s1", "tok").len("df")
/root/src/features.py:108: DeprecationWarning: In Polars 2.0, the default behavior for `empty_as_null` will change to `False`. To keep the current behavior, explicitly set `empty_as_null=True`.
  numd = (d.select(*key, n="nums_q", t="num1_s").explode("n")
/root/src/features.py:111: DeprecationWarning: In Polars 2.0, the default behavior for `empty_as_null` will change to `False`. To keep the current behavior, explicitly set `empty_as_null=True`.
  tok_df = d.select("s1", tok="full_q").explode("tok").group_by("s1", "tok").len("df")
/root/src/features.py:112: DeprecationWarning: In Polars 2.0, the default behavior for `empty_as_null` will change to `False`. To keep the current behavior, explicitly set `empty_as_null=True`.
  uniq = (d.select(*key, tok="xq").explode("tok").join(tok_df, on=["s1", "tok"])
/root/src/features.py:112: DeprecationWarning: In Polars 2.0, the default behavior for `empty_as_null` will change to `False`. To keep the current behavior, explicitly set `empty_as_null=True`.
  uniq = (d.select(*key, tok="xq").explode("tok").join(tok_df, on=["s1", "tok"])
/root/src/features.py:130: DeprecationWarning: In Polars 2.0, the default behavior for `empty_as_null` will change to `False`. To keep the current behavior, explicitly set `empty_as_null=True`.
  vocab = (s1.select("country", tok=pl.col("nm").str.split(" ")).explode("tok").filter(pl.col("tok") != "")
/root/src/features.py:133: DeprecationWarning: In Polars 2.0, the default behavior for `empty_as_null` will change to `False`. To keep the current behavior, explicitly set `empty_as_null=True`.
  known = (q.select("q", "country", tok=pl.col("q_nm").str.split(" ")).explode("tok").filter(pl.col("tok") != "")
/root/src/features.py:130: DeprecationWarning: In Polars 2.0, the default behavior for `empty_as_null` will change to `False`. To keep the current behavior, explicitly set `empty_as_null=True`.
  vocab = (s1.select("country", tok=pl.col("nm").str.split(" ")).explode("tok").filter(pl.col("tok") != "")
/root/src/features.py:133: DeprecationWarning: In Polars 2.0, the default behavior for `empty_as_null` will change to `False`. To keep the current behavior, explicitly set `empty_as_null=True`.
  known = (q.select("q", "country", tok=pl.col("q_nm").str.split(" ")).explode("tok").filter(pl.col("tok") != "")
[('India', 'of', 0.9351315877240857), ('India', 'trust', 0.9304476632255916), ('India', 'asociates', 0.9235284416838221), ('India', 'al', 0.9220460974480841), ('India', 'clinic', 0.9219617188164544), ('India', 'brothers', 0.917570232450177), ('India', 'shre', 0.9174233465337172), ('India', 'delhi', 0.9138470197325352), ('India', 'bangalore', 0.9125985407332752), ('India', 'golden', 0.9084336564571328), ('India', 'star', 0.9082446692375256), ('India', 'new', 0.908057634921879), ('India', 'mumbai', 0.9077117218850397), ('India', 'pvt', 0.9067385333802037), ('India', 'indian', 0.906409562622276), ('US', 'lakeside', 0.9910079204949919), ('US', 'greater', 0.990270265088567), ('US', 'midtown', 0.9900548916674811), ('US', 'northside', 0.989850726184046), ('US', 'southside', 0.9896227226107545), ('US', 'group', 0.989563958459963), ('US', 'south', 0.9894559959144946), ('US', 'highland', 0.9893591626889119), ('US', 'holdings', 0.9893341213133693), ('US', 'harbor', 0.9891103091161846), ('US', 'sumit', 0.9890504069220791), ('US', 'north', 0.9886748826913057), ('US', 'uptown', 0.9885908159882968), ('US', 'coastal', 0.9885871273101047), ('US', 'eastgate', 0.9885762357074528)]
  2000000/23731212
  4000000/23731212
[('France', 'holding', 0.9852793281455625), ('France', 'snc', 0.9850857283549017), ('France', 'participations', 0.9849125718381713), ('France', 'distribution', 0.9843337387897704), ('France', 'international', 0.9834102875151463), ('France', 'maisondesant', 0.9599392420135145), ('France', 'calais', 0.9221195751850662), ('France', 'bordeaux', 0.9187245247959991), ('France', 'ei', 0.8921731252167631), ('France', 'roubaix', 0.8910961520445493), ('France', 'sainte', 0.8874893680720429), ('France', 'nazaire', 0.8827524816037621), ('France', 'tourcoing', 0.8697653831226265), ('France', 'jean', 0.8657554551866844), ('France', 'deleves', 0.8655675403934469), ('India', 'of', 0.9494359131562605), ('India', 'trust', 0.9473292587514772), ('India', 'mumbai', 0.9444405415882604), ('India', 'shre', 0.9443896673491663), ('India', 'bangalore', 0.9441274763697606), ('India', 'new', 0.9438723181934623), ('India', 'delhi', 0.9401100836524178), ('India', 'al', 0.9395844244239763), ('India', 'south', 0.9372527877675827), ('India', 'surya', 0.9353003159289646), ('India', 'sons', 0.933998884966851), ('India', 'east', 0.9333831316835656), ('India', 'super', 0.9320264750993873), ('India', 'clinic', 0.9317939266826039), ('India', 'society', 0.9274260240527402), ('US', 'uptown', 0.9921433508749133), ('US', 'lakeside', 0.9914465742663997), ('US', 'northside', 0.9914303498432788), ('US', 'riverside', 0.9913963504906681), ('US', 'greater', 0.9907690505382802), ('US', 'holdings', 0.9907445934239416), ('US', 'downtown', 0.9906132297904806), ('US', 'west', 0.9904523842142229), ('US', 'westgate', 0.9903424138122072), ('US', 'south', 0.9902389334737386), ('US', 'central', 0.9901530546639163), ('US', 'group', 0.9901025432831596), ('US', 'midtown', 0.9899987664632206), ('US', 'valey', 0.9899393426883601), ('US', 'sumit', 0.9899055707760028)]
  2000000/23349959
  6000000/23731212
  4000000/23349959
  8000000/23731212
  10000000/23731212
  6000000/23349959
  12000000/23731212
  8000000/23349959
  14000000/23731212
  16000000/23731212
  10000000/23349959
  18000000/23731212
  12000000/23349959
  20000000/23731212
  22000000/23731212
  14000000/23349959
  23731212/23731212
  16000000/23349959
shape: (9, 65)
┌───────────┬───────────┬───────────┬───────────┬───┬───────────┬───────────┬───────────┬──────────┐
│ statistic ┆ q         ┆ s1        ┆ rank      ┆ … ┆ a_tset_qb ┆ raw_n_qti ┆ raw_a_qti ┆ label    │
│ ---       ┆ ---       ┆ ---       ┆ ---       ┆   ┆ est       ┆ es        ┆ es        ┆ ---      │
│ str       ┆ str       ┆ str       ┆ f64       ┆   ┆ ---       ┆ ---       ┆ ---       ┆ f64      │
│           ┆           ┆           ┆           ┆   ┆ f64       ┆ f64       ┆ f64       ┆          │
╞═══════════╪═══════════╪═══════════╪═══════════╪═══╪═══════════╪═══════════╪═══════════╪══════════╡
│ count     ┆ 23731212  ┆ 23731212  ┆ 2.3731212 ┆ … ┆ 2.3731212 ┆ 2.3731212 ┆ 2.3731212 ┆ 2.373121 │
│           ┆           ┆           ┆ e7        ┆   ┆ e7        ┆ e7        ┆ e7        ┆ 2e7      │
│ null_coun ┆ 0         ┆ 0         ┆ 0.0       ┆ … ┆ 0.0       ┆ 0.0       ┆ 0.0       ┆ 0.0      │
│ t         ┆           ┆           ┆           ┆   ┆           ┆           ┆           ┆          │
│ mean      ┆ null      ┆ null      ┆ 3.165474  ┆ … ┆ 0.500183  ┆ 1.412017  ┆ 1.376201  ┆ 0.312445 │
│ std       ┆ null      ┆ null      ┆ 3.984776  ┆ … ┆ 0.5       ┆ 1.126073  ┆ 1.614673  ┆ 0.46349  │
│ min       ┆ S2-100000 ┆ S1-100000 ┆ 0.0       ┆ … ┆ 0.0       ┆ 1.0       ┆ 1.0       ┆ 0.0      │
│           ┆ 037       ┆ 221       ┆           ┆   ┆           ┆           ┆           ┆          │
│ 25%       ┆ null      ┆ null      ┆ 0.0       ┆ … ┆ 0.0       ┆ 1.0       ┆ 1.0       ┆ 0.0      │
│ 50%       ┆ null      ┆ null      ┆ 1.0       ┆ … ┆ 1.0       ┆ 1.0       ┆ 1.0       ┆ 0.0      │
│ 75%       ┆ null      ┆ null      ┆ 6.0       ┆ … ┆ 1.0       ┆ 1.0       ┆ 1.0       ┆ 1.0      │
│ max       ┆ S3-999999 ┆ S1-999999 ┆ 18.0      ┆ … ┆ 1.0       ┆ 12.0      ┆ 16.0      ┆ 1.0      │
│           ┆ 88        ┆ 26        ┆           ┆   ┆           ┆           ┆           ┆          │
└───────────┴───────────┴───────────┴───────────┴───┴───────────┴───────────┴───────────┴──────────┘
  18000000/23349959
  20000000/23349959
  22000000/23349959
  23349959/23349959
shape: (9, 64)
┌───────────┬───────────┬───────────┬───────────┬───┬───────────┬───────────┬───────────┬──────────┐
│ statistic ┆ q         ┆ s1        ┆ rank      ┆ … ┆ a_tset_qg ┆ a_tset_qb ┆ raw_n_qti ┆ raw_a_qt │
│ ---       ┆ ---       ┆ ---       ┆ ---       ┆   ┆ ap        ┆ est       ┆ es        ┆ ies      │
│ str       ┆ str       ┆ str       ┆ f64       ┆   ┆ ---       ┆ ---       ┆ ---       ┆ ---      │
│           ┆           ┆           ┆           ┆   ┆ f64       ┆ f64       ┆ f64       ┆ f64      │
╞═══════════╪═══════════╪═══════════╪═══════════╪═══╪═══════════╪═══════════╪═══════════╪══════════╡
│ count     ┆ 23349959  ┆ 23349959  ┆ 2.3349959 ┆ … ┆ 2.3349959 ┆ 2.3349959 ┆ 2.3349959 ┆ 2.334995 │
│           ┆           ┆           ┆ e7        ┆   ┆ e7        ┆ e7        ┆ e7        ┆ 9e7      │
│ null_coun ┆ 0         ┆ 0         ┆ 0.0       ┆ … ┆ 0.0       ┆ 0.0       ┆ 0.0       ┆ 0.0      │
│ t         ┆           ┆           ┆           ┆   ┆           ┆           ┆           ┆          │
│ mean      ┆ null      ┆ null      ┆ 3.130593  ┆ … ┆ 20.166641 ┆ 0.481116  ┆ 1.389595  ┆ 1.272547 │
│ std       ┆ null      ┆ null      ┆ 3.939441  ┆ … ┆ 24.866655 ┆ 0.499643  ┆ 1.103746  ┆ 1.351052 │
│ min       ┆ S2-100000 ┆ S1-100000 ┆ 0.0       ┆ … ┆ 0.0       ┆ 0.0       ┆ 1.0       ┆ 1.0      │
│           ┆ 099       ┆ 556       ┆           ┆   ┆           ┆           ┆           ┆          │
│ 25%       ┆ null      ┆ null      ┆ 0.0       ┆ … ┆ 0.0       ┆ 0.0       ┆ 1.0       ┆ 1.0      │
│ 50%       ┆ null      ┆ null      ┆ 1.0       ┆ … ┆ 2.631577  ┆ 0.0       ┆ 1.0       ┆ 1.0      │
│ 75%       ┆ null      ┆ null      ┆ 6.0       ┆ … ┆ 45.935032 ┆ 1.0       ┆ 1.0       ┆ 1.0      │
│ max       ┆ S3-999999 ┆ S1-999998 ┆ 17.0      ┆ … ┆ 100.0     ┆ 1.0       ┆ 14.0      ┆ 16.0     │
│           ┆ 995       ┆ 909       ┆           ┆   ┆           ┆           ┆           ┆          │
└───────────┴───────────┴───────────┴───────────┴───┴───────────┴───────────┴───────────┴──────────┘
$ /.uv/.venv/bin/python /root/src/match.py fit runs/014_relative-tiebreak
Training until validation scores don't improve for 60 rounds
[100]   valid_0's binary_logloss: 0.0222911
[200]   valid_0's binary_logloss: 0.0171087
[300]   valid_0's binary_logloss: 0.0165261
[400]   valid_0's binary_logloss: 0.0163726
[500]   valid_0's binary_logloss: 0.0163408
Early stopping, best iteration is:
[449]   valid_0's binary_logloss: 0.016301
trained on 18984346 pairs in 311s, best iter 449
  t=0.10  F0.5=0.9706
  t=0.15  F0.5=0.9727
  t=0.20  F0.5=0.9743
  t=0.25  F0.5=0.9756
  t=0.30  F0.5=0.9767
  t=0.35  F0.5=0.9776
  t=0.40  F0.5=0.9784
  t=0.45  F0.5=0.9790
  t=0.50  F0.5=0.9796
  t=0.55  F0.5=0.9802
  t=0.60  F0.5=0.9805
  t=0.65  F0.5=0.9806
  t=0.70  F0.5=0.9806
  t=0.75  F0.5=0.9805
  t=0.80  F0.5=0.9803
  t=0.85  F0.5=0.9797
  t=0.90  F0.5=0.9784
  t=0.95  F0.5=0.9752
blocking recall=0.9706  oracle F0.5=0.9899  best t=0.70  F0.5=0.9806  expected-F rule F0.5=0.9804  -> threshold  | test-like dense F0.5=0.9717 @ t=0.75
$ /.uv/.venv/bin/python /root/src/match.py predict runs/014_relative-tiebreak
shape: (3, 5)
┌─────────┬────────┬────────────────┬─────────────┬───────────┐
│ country ┆ n_s1   ┆ avg_candidates ┆ avg_matches ┆ pct_empty │
│ ---     ┆ ---    ┆ ---            ┆ ---         ┆ ---       │
│ str     ┆ u32    ┆ f64            ┆ f64         ┆ f64       │
╞═════════╪════════╪════════════════╪═════════════╪═══════════╡
│ France  ┆ 259452 ┆ 15.061295      ┆ 3.215782    ┆ 6.302129  │
│ India   ┆ 809986 ┆ 14.317466      ┆ 3.261048    ┆ 6.300973  │
│ US      ┆ 663106 ┆ 11.831184      ┆ 3.332339    ┆ 5.891818  │
└─────────┴────────┴────────────────┴─────────────┴───────────┘
✓ Finished downloading files to local!
✓ Finished downloading files to local!
✓ Finished downloading files to local!
Stopping app - local entrypoint completed.
✓ App completed. View run at 
https://modal.com/apps/siddarthaa/main/ap-0R7Y944pwR3Ih5QjisLFGA
