✓ Initialized. View run at 
https://modal.com/apps/siddarthaa/main/ap-ute8TopwPZkVTO7BF3wAcu
✓ Created objects.
├── 🔨 Created mount /home/sidd/Desktop/amazon-ml/modal_app.py
├── 🔨 Created mount /home/sidd/Desktop/amazon-ml/tools
├── 🔨 Created mount /home/sidd/Desktop/amazon-ml/src
└── 🔨 Created function step.
$ /.uv/.venv/bin/python /root/src/block.py train
$ /.uv/.venv/bin/python /root/src/block.py test
India: 883188 S1, 4133346 queries
France: 259452 S1, 1434993 queries
     250000/1434993  7.1s
     500000/1434993  6.8s
     750000/1434993  6.8s
    1000000/1434993  6.6s
     250000/4133346  9.4s
    1250000/1434993  6.7s
     500000/4133346  9.1s
    1434993/1434993  4.8s
India: 809986 S1, 4717565 queries
     750000/4133346  9.2s
    1000000/4133346  9.2s
    1250000/4133346  9.2s
    1500000/4133346  9.1s
    1750000/4133346  9.0s
     250000/4717565  11.8s
    2000000/4133346  9.2s
     500000/4717565  11.7s
    2250000/4133346  8.8s
    2500000/4133346  8.7s
     750000/4717565  11.4s
    2750000/4133346  8.7s
    1000000/4717565  11.4s
    3000000/4133346  8.7s
    1250000/4717565  11.2s
    3250000/4133346  8.7s
    3500000/4133346  8.8s
    1500000/4717565  11.4s
    3750000/4133346  8.8s
    1750000/4717565  11.3s
    4000000/4133346  8.7s
    4133346/4133346  4.6s
US: 1323633 S1, 6186873 queries
    2000000/4717565  11.6s
    2250000/4717565  12.2s
    2500000/4717565  11.3s
    2750000/4717565  11.3s
     250000/6186873  9.0s
    3000000/4717565  11.2s
     500000/6186873  8.9s
     750000/6186873  9.1s
    3250000/4717565  11.1s
    1000000/6186873  8.9s
    3500000/4717565  11.2s
    1250000/6186873  8.8s
    3750000/4717565  11.1s
    1500000/6186873  9.0s
    4000000/4717565  11.3s
    1750000/6186873  9.0s
    2000000/6186873  8.9s
    4250000/4717565  11.1s
    2250000/6186873  8.9s
    4500000/4717565  11.3s
    2500000/6186873  8.8s
    4717565/4717565  10.0s
US: 663106 S1, 3817031 queries
    2750000/6186873  8.9s
    3000000/6186873  9.0s
    3250000/6186873  9.0s
     250000/3817031  9.5s
    3500000/6186873  9.2s
     500000/3817031  9.4s
    3750000/6186873  9.0s
     750000/3817031  9.2s
    4000000/6186873  8.9s
    1000000/3817031  9.6s
    4250000/6186873  9.0s
    1250000/3817031  9.6s
    4500000/6186873  8.9s
    4750000/6186873  9.0s
    1500000/3817031  9.6s
    5000000/6186873  8.9s
    1750000/3817031  9.5s
    5250000/6186873  9.0s
    2000000/3817031  9.4s
    5500000/6186873  8.9s
    2250000/3817031  9.9s
    5750000/6186873  9.0s
    2500000/3817031  9.5s
    6000000/6186873  9.0s
    2750000/3817031  9.6s
    6186873/6186873  6.7s
    3000000/3817031  9.8s
    3250000/3817031  9.5s
    3500000/3817031  10.8s
    3750000/3817031  10.0s
    3817031/3817031  2.5s
$ $ /.uv/.venv/bin/python /root/src/block.py test --prune
/.uv/.venv/bin/python /root/src/block.py train --prune
RMAX=10 REL=0.7 CAP=30: pairs=19396046  candidates per S1: avg 11.20, median 9.0, p99 30.0, max 30
 rmax   rel    cap  recall  cands/S1
    3   0.7     30  0.9524      6.46
    3   0.7     20  0.9518      6.28
    3   0.8     30  0.9517      5.77
    3   0.8     20  0.9513      5.65
    3  0.85     30  0.9508      5.56
    3  0.85     20  0.9504      5.45
    3   0.9     30  0.9494      5.39
    3   0.9     20  0.9491      5.30
    5   0.7     30  0.9565      7.55
    5   0.7     20  0.9553      7.20
    5   0.8     30  0.9556      6.47
    5   0.8     20  0.9547      6.23
    5  0.85     30  0.9542      6.12
    5  0.85     20  0.9535      5.92
    5   0.9     30  0.9523      5.82
    5   0.9     20  0.9517      5.66
   10   0.7     30  0.9592      8.90
   10   0.7     20  0.9572      8.27
   10   0.8     30  0.9582      7.31
   10   0.8     20  0.9569      6.91
   10  0.85     30  0.9564      6.76
   10  0.85     20  0.9554      6.43
   10   0.9     30  0.9539      6.31
   10   0.9     20  0.9531      6.02
RMAX=10 REL=0.7 CAP=30: pairs=19637430  candidates per S1: avg 8.90, median 7.0, p99 30.0, max 30
Stopping app - local entrypoint completed.
✓ App completed. View run at 
https://modal.com/apps/siddarthaa/main/ap-ute8TopwPZkVTO7BF3wAcu
