✓ Initialized. View run at 
https://modal.com/apps/siddarthaa/main/ap-osCyZutCIhWQOw14uDtvZg
✓ Created objects.
├── 🔨 Created mount /home/sidd/Desktop/amazon-ml/modal_app.py
├── 🔨 Created mount /home/sidd/Desktop/amazon-ml/src
└── 🔨 Created function step.
$ /.uv/.venv/bin/python /root/src/block.py train --prune
$ /.uv/.venv/bin/python /root/src/block.py test --prune
REL=0.7 CAP=30: pairs=13469326  candidates per S1: avg 7.77, median 7.0, p99 30.0, max 30
  rel    cap  recall  cands/S1
  0.0    inf  0.9550     14.03
  0.0     50  0.9536     11.96
  0.0     30  0.9522     11.15
  0.0     20  0.9493     10.18
  0.5    inf  0.9548     10.94
  0.5     50  0.9536      9.38
  0.5     30  0.9525      8.94
  0.5     20  0.9501      8.43
  0.6    inf  0.9545      9.38
  0.6     50  0.9535      8.12
  0.6     30  0.9527      7.81
  0.6     20  0.9510      7.49
  0.7    inf  0.9535      7.00
  0.7     50  0.9529      6.47
  0.7     30  0.9524      6.27
  0.7     20  0.9518      6.11
  0.8    inf  0.9524      6.13
  0.8     50  0.9520      5.79
  0.8     30  0.9517      5.64
  0.8     20  0.9513      5.52
  0.9    inf  0.9500      5.65
  0.9     50  0.9497      5.41
  0.9     30  0.9494      5.29
  0.9     20  0.9491      5.20
 1.01    inf  0.9375      4.68
 1.01     50  0.9374      4.63
 1.01     30  0.9373      4.60
 1.01     20  0.9372      4.57
REL=0.7 CAP=30: pairs=13842734  candidates per S1: avg 6.27, median 5.0, p99 30.0, max 30
$ /.uv/.venv/bin/python /root/src/features.py train
$ /.uv/.venv/bin/python /root/src/features.py test
  2000000/13842734
  2000000/13469326
  4000000/13842734
  4000000/13469326
  6000000/13842734
  6000000/13469326
  8000000/13842734
  8000000/13469326
  10000000/13842734
  10000000/13469326
  12000000/13842734
  12000000/13469326
  13842734/13842734
  13469326/13469326
shape: (9, 37)
┌───────────┬───────────┬───────────┬───────────┬───┬───────────┬───────────┬───────────┬──────────┐
│ statistic ┆ q         ┆ s1        ┆ rank      ┆ … ┆ len_as    ┆ num_jac   ┆ num_q_in_ ┆ label    │
│ ---       ┆ ---       ┆ ---       ┆ ---       ┆   ┆ ---       ┆ ---       ┆ s         ┆ ---      │
│ str       ┆ str       ┆ str       ┆ f64       ┆   ┆ f64       ┆ f64       ┆ ---       ┆ f64      │
│           ┆           ┆           ┆           ┆   ┆           ┆           ┆ f64       ┆          │
╞═══════════╪═══════════╪═══════════╪═══════════╪═══╪═══════════╪═══════════╪═══════════╪══════════╡
│ count     ┆ 13842734  ┆ 13842734  ┆ 1.3842734 ┆ … ┆ 1.3842734 ┆ 1.3842734 ┆ 1.3842734 ┆ 1.384273 │
│           ┆           ┆           ┆ e7        ┆   ┆ e7        ┆ e7        ┆ e7        ┆ 4e7      │
│ null_coun ┆ 0         ┆ 0         ┆ 0.0       ┆ … ┆ 0.0       ┆ 0.0       ┆ 0.0       ┆ 0.0      │
│ t         ┆           ┆           ┆           ┆   ┆           ┆           ┆           ┆          │
│ mean      ┆ null      ┆ null      ┆ 0.384148  ┆ … ┆ 42.652891 ┆ NaN       ┆ 0.504463  ┆ 0.525553 │
│ std       ┆ null      ┆ null      ┆ 0.68075   ┆ … ┆ 20.375165 ┆ NaN       ┆ 0.49998   ┆ 0.499347 │
│ min       ┆ S2-100000 ┆ S1-100000 ┆ 0.0       ┆ … ┆ 8.0       ┆ 0.0       ┆ 0.0       ┆ 0.0      │
│           ┆ 037       ┆ 221       ┆           ┆   ┆           ┆           ┆           ┆          │
│ 25%       ┆ null      ┆ null      ┆ 0.0       ┆ … ┆ 28.0      ┆ 0.0       ┆ 0.0       ┆ 0.0      │
│ 50%       ┆ null      ┆ null      ┆ 0.0       ┆ … ┆ 34.0      ┆ 0.333333  ┆ 1.0       ┆ 1.0      │
│ 75%       ┆ null      ┆ null      ┆ 1.0       ┆ … ┆ 55.0      ┆ 1.0       ┆ 1.0       ┆ 1.0      │
│ max       ┆ S3-999999 ┆ S1-999999 ┆ 2.0       ┆ … ┆ 216.0     ┆ 1.0       ┆ 1.0       ┆ 1.0      │
│           ┆ 88        ┆ 26        ┆           ┆   ┆           ┆           ┆           ┆          │
└───────────┴───────────┴───────────┴───────────┴───┴───────────┴───────────┴───────────┴──────────┘
shape: (9, 36)
┌───────────┬───────────┬───────────┬───────────┬───┬───────────┬───────────┬───────────┬──────────┐
│ statistic ┆ q         ┆ s1        ┆ rank      ┆ … ┆ len_aq    ┆ len_as    ┆ num_jac   ┆ num_q_in │
│ ---       ┆ ---       ┆ ---       ┆ ---       ┆   ┆ ---       ┆ ---       ┆ ---       ┆ _s       │
│ str       ┆ str       ┆ str       ┆ f64       ┆   ┆ f64       ┆ f64       ┆ f64       ┆ ---      │
│           ┆           ┆           ┆           ┆   ┆           ┆           ┆           ┆ f64      │
╞═══════════╪═══════════╪═══════════╪═══════════╪═══╪═══════════╪═══════════╪═══════════╪══════════╡
│ count     ┆ 13469326  ┆ 13469326  ┆ 1.3469326 ┆ … ┆ 1.3469326 ┆ 1.3469326 ┆ 1.3469326 ┆ 1.346932 │
│           ┆           ┆           ┆ e7        ┆   ┆ e7        ┆ e7        ┆ e7        ┆ 6e7      │
│ null_coun ┆ 0         ┆ 0         ┆ 0.0       ┆ … ┆ 0.0       ┆ 0.0       ┆ 0.0       ┆ 0.0      │
│ t         ┆           ┆           ┆           ┆   ┆           ┆           ┆           ┆          │
│ mean      ┆ null      ┆ null      ┆ 0.401372  ┆ … ┆ 39.032471 ┆ 47.668079 ┆ NaN       ┆ 0.415376 │
│ std       ┆ null      ┆ null      ┆ 0.690363  ┆ … ┆ 20.250914 ┆ 20.161082 ┆ NaN       ┆ 0.492787 │
│ min       ┆ S2-100000 ┆ S1-100000 ┆ 0.0       ┆ … ┆ 0.0       ┆ 7.0       ┆ 0.0       ┆ 0.0      │
│           ┆ 099       ┆ 556       ┆           ┆   ┆           ┆           ┆           ┆          │
│ 25%       ┆ null      ┆ null      ┆ 0.0       ┆ … ┆ 26.0      ┆ 31.0      ┆ 0.0       ┆ 0.0      │
│ 50%       ┆ null      ┆ null      ┆ 0.0       ┆ … ┆ 33.0      ┆ 44.0      ┆ 0.0       ┆ 0.0      │
│ 75%       ┆ null      ┆ null      ┆ 1.0       ┆ … ┆ 49.0      ┆ 60.0      ┆ 1.0       ┆ 1.0      │
│ max       ┆ S3-999999 ┆ S1-999998 ┆ 2.0       ┆ … ┆ 235.0     ┆ 235.0     ┆ 1.0       ┆ 1.0      │
│           ┆ 995       ┆ 909       ┆           ┆   ┆           ┆           ┆           ┆          │
└───────────┴───────────┴───────────┴───────────┴───┴───────────┴───────────┴───────────┴──────────┘
$ /.uv/.venv/bin/python /root/src/match.py fit runs/002_learned-cleaning
Training until validation scores don't improve for 30 rounds
[50]    valid_0's binary_logloss: 0.0816162
[100]   valid_0's binary_logloss: 0.0735362
[150]   valid_0's binary_logloss: 0.0710633
[200]   valid_0's binary_logloss: 0.0699847
[250]   valid_0's binary_logloss: 0.0693035
[300]   valid_0's binary_logloss: 0.0691124
[350]   valid_0's binary_logloss: 0.0687693
[400]   valid_0's binary_logloss: 0.0685029
Early stopping, best iteration is:
[402]   valid_0's binary_logloss: 0.0684897
trained on 11071916 pairs in 75s, best iter 402
  t=0.10  F0.5=0.9272
  t=0.15  F0.5=0.9348
  t=0.20  F0.5=0.9400
  t=0.25  F0.5=0.9439
  t=0.30  F0.5=0.9470
  t=0.35  F0.5=0.9495
  t=0.40  F0.5=0.9515
  t=0.45  F0.5=0.9531
  t=0.50  F0.5=0.9541
  t=0.55  F0.5=0.9550
  t=0.60  F0.5=0.9554
  t=0.65  F0.5=0.9555
  t=0.70  F0.5=0.9551
  t=0.75  F0.5=0.9541
  t=0.80  F0.5=0.9524
  t=0.85  F0.5=0.9495
  t=0.90  F0.5=0.9432
  t=0.95  F0.5=0.9292
blocking recall=0.9524  oracle F0.5=0.9834  best t=0.65  F0.5=0.9555  expected-F rule F0.5=0.9568  -> expected_f
$ /.uv/.venv/bin/python /root/src/match.py predict runs/002_learned-cleaning
shape: (3, 5)
┌─────────┬────────┬────────────────┬─────────────┬───────────┐
│ country ┆ n_s1   ┆ avg_candidates ┆ avg_matches ┆ pct_empty │
│ ---     ┆ ---    ┆ ---            ┆ ---         ┆ ---       │
│ str     ┆ u32    ┆ f64            ┆ f64         ┆ f64       │
╞═════════╪════════╪════════════════╪═════════════╪═══════════╡
│ France  ┆ 259452 ┆ 8.276275       ┆ 3.236976    ┆ 5.770624  │
│ India   ┆ 809986 ┆ 7.780453       ┆ 3.17554     ┆ 5.923065  │
│ US      ┆ 663106 ┆ 7.570391       ┆ 3.279246    ┆ 5.586286  │
└─────────┴────────┴────────────────┴─────────────┴───────────┘
✓ Finished downloading files to local!
Stopping app - local entrypoint completed.
✓ App completed. View run at 
https://modal.com/apps/siddarthaa/main/ap-osCyZutCIhWQOw14uDtvZg
