✓ Initialized. View run at 
https://modal.com/apps/siddarthaa/main/ap-a8nkZSK81OcjXWnDnla4GG
Building image im-WguqRaPRMYWrFRugZJpnll

=> Step 0: FROM base

=> Step 1: COPY --from=ghcr.io/astral-sh/uv:latest /uv /.uv/uv
Getting image source signatures
Copying blob sha256:54723a59ba9fe2be41df3ad59d75d4738b62774f60a8e988163ed08002fa4215
Copying blob sha256:c899545868f84f908ee09e6d932033fc14acdf3a2a8b2d6cdacf573c85450bba
Copying config sha256:de5ce60260f893ece94ee7b7e9bdc7d0cd51b33e74aabef1358342e642ca71e7
Writing manifest to image destination
Unpacking OCI image
   • unpacking rootfs ...     
   • ... done                 
   • unpacked image rootfs: /tmp/task-data/ta-01M3FAG31DXZGKSQD9TJVTX93B/registry-unpackEEUkzn

=> Step 2: COPY /.pyproject.toml /.uv/pyproject.toml

=> Step 3: COPY /.uv.lock /.uv/uv.lock

=> Step 4: RUN /.uv/uv sync --project=/.uv --no-install-workspace --compile-bytecode --frozen
Using CPython 3.12.10 interpreter at: /usr/local/bin/python3
Creating virtual environment at: /.uv/.venv
Downloading polars-runtime-32 (47.6MiB)
Downloading numpy (15.9MiB)
Downloading pyarrow (47.8MiB)
Downloading scipy (33.7MiB)
Downloading scikit-learn (8.7MiB)
Downloading lightgbm (3.3MiB)
Downloading rapidfuzz (3.0MiB)
 Downloaded rapidfuzz
 Downloaded lightgbm
 Downloaded scikit-learn
 Downloaded numpy
 Downloaded scipy
 Downloaded polars-runtime-32
 Downloaded pyarrow
Prepared 15 packages in 1.17s
Installed 15 packages in 388ms
Bytecode compiled 2874 files in 1.02s
 + cloudpickle==3.1.2
 + joblib==1.6.0
 + lightgbm==4.7.0
 + narwhals==2.26.0
 + numpy==2.5.3
 + polars==1.44.2
 + polars-runtime-32==1.44.2
 + psutil==7.2.2
 + pyarrow==25.0.1
 + rapidfuzz==3.14.6
 + scikit-learn==1.9.1
 + scipy==1.18.1
 + sparse-dot-topn==1.2.0
 + threadpoolctl==3.7.0
 + unidecode==1.4.0

=> Step 5: ENV PATH=/.uv/.venv/bin:$PATH
Saving image...
Image saved, took 1.74s

Built image im-WguqRaPRMYWrFRugZJpnll in 6.34s


✓ Created objects.
├── 🔨 Created mount /home/sidd/Desktop/amazon-ml/modal_app.py
├── 🔨 Created mount /home/sidd/Desktop/amazon-ml/src
└── 🔨 Created function step.
$ /.uv/.venv/bin/python /root/src/normalize.py
/root/src/normalize.py:201: DeprecationWarning: In Polars 2.0, the default behavior for `empty_as_null` will change to `False`. To keep the current behavior, explicitly set `empty_as_null=True`.
  gt.with_columns(pl.col("matched_entity_ids").fill_null("").str.split(",")).explode(
/root/src/normalize.py:125: DeprecationWarning: In Polars 2.0, the default behavior for `empty_as_null` will change to `False`. To keep the current behavior, explicitly set `empty_as_null=True`.
  count = lambda c: d.select(t=pl.col(c)).explode("t").group_by("t").len(c)
/root/src/normalize.py:130: DeprecationWarning: In Polars 2.0, the default behavior for `empty_as_null` will change to `False`. To keep the current behavior, explicitly set `empty_as_null=True`.
  n_t = d.select("uq").explode("uq").group_by("uq").len("n_t")
/root/src/normalize.py:131: DeprecationWarning: In Polars 2.0, the default behavior for `empty_as_null` will change to `False`. To keep the current behavior, explicitly set `empty_as_null=True`.
  best = (d.select("uq", "us").explode("uq").explode("us").group_by("uq", "us").len("n")
/root/src/normalize.py:141: DeprecationWarning: In Polars 2.0, the default behavior for `empty_as_null` will change to `False`. To keep the current behavior, explicitly set `empty_as_null=True`.
  t = (df.select("country", "src", t=pl.col(col).str.split(" ").list.unique()).explode("t")
train {'name': 1640, 'addr': 4785} maps; {'India': {'name': 52, 'addr': 9}, 'US': {'name': 23, 'addr': 18}} filler tokens
test {'name': 1640, 'addr': 4785} maps; {'US': {'name': 24, 'addr': 17}, 'India': {'name': 56, 'addr': 9}, 'France': {'name': 24, 'addr': 11}} filler tokens
Stopping app - local entrypoint completed.
✓ App completed. View run at 
https://modal.com/apps/siddarthaa/main/ap-a8nkZSK81OcjXWnDnla4GG
